// Jest Snapshot v1, https://goo.gl/fbAQLP

exports[`<Base /> should be able to mount <Base /> component 1`] = `
<DocumentFragment>
  .c3 {
  width: 100%;
  display: -webkit-box;
  display: -webkit-flex;
  display: -ms-flexbox;
  display: flex;
  -webkit-flex-direction: column;
  -ms-flex-direction: column;
  flex-direction: column;
  margin-left: auto;
  margin-right: auto;
  background-color: inherit;
  color: inherit;
}

.c1 {
  display: -webkit-box;
  display: -webkit-flex;
  display: -ms-flexbox;
  display: flex;
  -webkit-flex-direction: column;
  -ms-flex-direction: column;
  flex-direction: column;
  -webkit-box-pack: justify;
  -webkit-justify-content: space-between;
  -ms-flex-pack: justify;
  justify-content: space-between;
  width: 100%;
  -webkit-align-items: center;
  -webkit-box-align: center;
  -ms-flex-align: center;
  align-items: center;
  color: #e8e8e8;
}

.c2 {
  width: 100%;
  background-color: #383838;
  border-bottom: 1px solid #545454;
}

.c4 {
  display: -webkit-box;
  display: -webkit-flex;
  display: -ms-flexbox;
  display: flex;
  -webkit-flex-direction: row;
  -ms-flex-direction: row;
  flex-direction: row;
  -webkit-align-items: center;
  -webkit-box-align: center;
  -ms-flex-align: center;
  align-items: center;
  -webkit-transition: none;
  transition: none;
  -webkit-box-pack: justify;
  -webkit-justify-content: space-between;
  -ms-flex-pack: justify;
  justify-content: space-between;
}

.c5 {
  font-size: 18px;
  font-weight: 500;
}

.c6 {
  list-style-type: none;
  display: -webkit-box;
  display: -webkit-flex;
  display: -ms-flexbox;
  display: flex;
  direction: row;
}

.c7 {
  font-size: 18px;
  font-weight: 500;
  padding: 16px;
}

.c7:hover {
  cursor: pointer;
  background-color: #545454;
}

.c7:last-child {
  border: none;
}

.c8 {
  width: 100%;
  background-color: #383838;
  border-bottom: 1px solid #383838;
}

.c9 {
  display: -webkit-box;
  display: -webkit-flex;
  display: -ms-flexbox;
  display: flex;
  -webkit-align-items: center;
  -webkit-box-align: center;
  -ms-flex-align: center;
  align-items: center;
  padding: 48px 0;
  -webkit-transition: none;
  transition: none;
  text-align: center;
}

.c10 {
  margin-left: 0 16px;
  font-size: 48px;
  font-weight: 500;
  max-width: 70%;
}

.c11 {
  margin-left: 0 16px;
  font-size: 16px;
  font-weight: 500;
  padding-top: 40px;
}

.c12 {
  list-style-type: none;
  display: -webkit-box;
  display: -webkit-flex;
  display: -ms-flexbox;
  display: flex;
  direction: row;
  -webkit-flex-wrap: wrap;
  -ms-flex-wrap: wrap;
  flex-wrap: wrap;
  -webkit-box-pack: center;
  -webkit-justify-content: center;
  -ms-flex-pack: center;
  justify-content: center;
}

.c13 {
  font-weight: 500;
  border-radius: 4px;
  padding: 8px;
  margin: 8px;
  color: #e8e8e8;
  background-color: #545454;
}

.c13:hover {
  cursor: pointer;
  background-color: #8c8c8c;
  color: #545454;
}

.c13:last-child {
  border: none;
}

.c14 {
  font-weight: 500;
  border-radius: 4px;
  padding: 8px;
  margin: 8px;
  color: #1c1c1c;
  background-color: #e8e8e8;
}

.c14:hover {
  cursor: pointer;
  background-color: #8c8c8c;
  color: #545454;
}

.c14:last-child {
  border: none;
}

.c0 {
  display: -webkit-box;
  display: -webkit-flex;
  display: -ms-flexbox;
  display: flex;
  -webkit-flex-direction: column;
  -ms-flex-direction: column;
  flex-direction: column;
  width: 100%;
  height: 100%;
}

.c15 {
  display: block;
  width: 100%;
  height: 100%;
  overflow-y: auto;
}

@media (min-width:1200px) {
  .c3 {
    width: 1200px;
  }
}

@media (max-width:700px) {
  .c10 {
    max-width: 100%;
  }
}

<div
    class="c0"
  >
    <div
      class="c1"
      data-testid="navbar"
    >
      <div
        class="c2"
      >
        <div
          class="c3 c4"
        >
          <p
            class="c5"
          >
            Top Movies
          </p>
          <ul
            class="c6"
          >
            <li
              class="c7"
            >
              Logout
            </li>
            <li
              class="c7"
            >
              Change theme
            </li>
          </ul>
        </div>
      </div>
      <div
        class="c8"
      >
        <div
          class="c3 c9"
        >
          <p
            class="c10"
          >
            Milhões de filmes, séries e pessoas para descobrir. Explore já.
          </p>
          <p
            class="c11"
          >
            FILTRE POR:
          </p>
          <ul
            class="c12"
          >
            <li
              class="c13"
            >
              first
            </li>
            <li
              class="c14"
            >
              second
            </li>
            <li
              class="c13"
            >
              third
            </li>
          </ul>
        </div>
      </div>
    </div>
    <div
      class="c15"
    />
  </div>
</DocumentFragment>
`;
